// Jest Snapshot v1, https://goo.gl/fbAQLP

exports[`search should match the snapshot 1`] = `
ShallowWrapper {
  Symbol(enzyme.__root__): [Circular],
  Symbol(enzyme.__unrendered__): <Search />,
  Symbol(enzyme.__renderer__): Object {
    "batchedUpdates": [Function],
    "getNode": [Function],
    "render": [Function],
    "simulateEvent": [Function],
    "unmount": [Function],
  },
  Symbol(enzyme.__node__): Object {
    "instance": null,
    "key": undefined,
    "nodeType": "host",
    "props": Object {
      "children": <input
        className="input-form"
        onChange={[Function]}
        placeholder="Search for a district"
        type="text"
/>,
    },
    "ref": null,
    "rendered": Object {
      "instance": null,
      "key": undefined,
      "nodeType": "host",
      "props": Object {
        "className": "input-form",
        "onChange": [Function],
        "placeholder": "Search for a district",
        "type": "text",
      },
      "ref": null,
      "rendered": null,
      "type": "input",
    },
    "type": "form",
  },
  Symbol(enzyme.__nodes__): Array [
    Object {
      "instance": null,
      "key": undefined,
      "nodeType": "host",
      "props": Object {
        "children": <input
          className="input-form"
          onChange={[Function]}
          placeholder="Search for a district"
          type="text"
/>,
      },
      "ref": null,
      "rendered": Object {
        "instance": null,
        "key": undefined,
        "nodeType": "host",
        "props": Object {
          "className": "input-form",
          "onChange": [Function],
          "placeholder": "Search for a district",
          "type": "text",
        },
        "ref": null,
        "rendered": null,
        "type": "input",
      },
      "type": "form",
    },
  ],
  Symbol(enzyme.__options__): Object {
    "adapter": ReactSixteenAdapter {
      "options": Object {
        "enableComponentDidUpdateOnSetState": true,
        "lifecycles": Object {
          "componentDidUpdate": Object {
            "onSetState": true,
          },
          "getSnapshotBeforeUpdate": true,
        },
      },
    },
    "attachTo": undefined,
    "hydrateIn": undefined,
  },
}
`;
